
> frontend@0.0.0 build
> tsc -b && vite build

src/components/StockCardLongTerm.tsx(3,10): error TS6133: 'TrendingUp' is declared but its value is never read.
src/components/StockCardLongTerm.tsx(42,11): error TS6133: 'formatPrice' is declared but its value is never read.
