MarketDataService: Initialized with 525 base symbols.
MarketData: Loaded metadata cache for 2805 stocks.
MarketDataService: Professional API (TwelveData) Enabled.

--- Testing Trend Direction Guard (V6.2) ---
Bearish Trend: BEARISH_TREND, EMA20: 91.05, EMA50: 92.5
Bullish Trend: BULLISH_TREND, EMA20: 108.95, EMA50: 107.5, Slope: 0.1
Neutral Trend: NEUTRAL_TREND, EMA20: 113.9, EMA50: 112.56, Slope: 0.011
Trend Direction Guard V6.2 Logic: SUCCESS

SUCCESS: V6.2 TREND GUARD VERIFIED.
